0 verbose cli /usr/local/bin/node /usr/src/node-red/node_modules/npm/bin/npm-cli.js
1 info using npm@11.19.1
2 info using node@v24.20.0
3 silly config load:file:/usr/src/node-red/node_modules/npm/npmrc
4 silly config load:file:/data/.npmrc
5 silly config load:file:/usr/src/node-red/.npmrc
6 silly config load:file:/usr/local/etc/npmrc
7 verbose title npm install node-red-node-mysql@3.0.3
8 verbose argv "install" "--no-audit" "--no-update-notifier" "--no-fund" "--save" "--save-prefix" "~" "--omit" "dev" "--engine-strict" "--" "node-red-node-mysql@3.0.3"
9 verbose logfile logs-max:10 dir:/data/.npm/_logs/2026-09-28T09_54_50_063Z-
10 verbose logfile /data/.npm/_logs/2026-09-28T09_54_50_063Z-debug-0.log
11 silly logfile done cleaning log files
12 silly packumentCache heap:2186280960 maxSize:546570240 maxEntrySize:273285120
13 silly idealTree buildDeps
14 silly fetch manifest node-red-node-mysql@3.0.3
15 silly packumentCache full:https://registry.npmjs.org/node-red-node-mysql cache-miss
16 http fetch GET 200 https://registry.npmjs.org/node-red-node-mysql 431ms (cache miss)
17 silly packumentCache full:https://registry.npmjs.org/node-red-node-mysql set size:undefined disposed:false
18 silly placeDep ROOT node-red-node-mysql@3.0.3 OK for: node-red-project@0.0.1 want: 3.0.3
19 silly fetch manifest mysql2@3.23.0
20 silly packumentCache full:https://registry.npmjs.org/mysql2 cache-miss
21 http fetch GET 200 https://registry.npmjs.org/mysql2 132ms (cache miss)
22 silly packumentCache full:https://registry.npmjs.org/mysql2 set size:undefined disposed:false
23 silly fetch manifest @types/node@>= 8
24 silly packumentCache full:https://registry.npmjs.org/@types%2fnode cache-miss
25 http fetch GET 200 https://registry.npmjs.org/@types%2fnode 320ms (cache miss)
26 silly packumentCache full:https://registry.npmjs.org/@types%2fnode set size:undefined disposed:false
27 silly placeDep ROOT mysql2@3.23.0 OK for: node-red-node-mysql@3.0.3 want: 3.23.0
28 silly placeDep ROOT @types/node@26.6.3 OK for: mysql2@3.23.0 want: >= 8
29 silly fetch manifest long@^5.3.2
30 silly packumentCache full:https://registry.npmjs.org/long cache-miss
31 silly fetch manifest denque@^2.1.0
32 silly packumentCache full:https://registry.npmjs.org/denque cache-miss
33 silly fetch manifest lru.min@^1.1.4
34 silly packumentCache full:https://registry.npmjs.org/lru.min cache-miss
35 silly fetch manifest iconv-lite@^0.7.2
36 silly packumentCache full:https://registry.npmjs.org/iconv-lite cache-miss
37 silly fetch manifest sql-escaper@^1.5.1
38 silly packumentCache full:https://registry.npmjs.org/sql-escaper cache-miss
39 silly fetch manifest aws-ssl-profiles@^1.1.2
40 silly packumentCache full:https://registry.npmjs.org/aws-ssl-profiles cache-miss
41 silly fetch manifest generate-function@^2.3.1
42 silly packumentCache full:https://registry.npmjs.org/generate-function cache-miss
43 http fetch GET 200 https://registry.npmjs.org/long 69ms (cache miss)
44 silly packumentCache full:https://registry.npmjs.org/long set size:undefined disposed:false
45 silly fetch manifest named-placeholders@^1.1.6
46 silly packumentCache full:https://registry.npmjs.org/named-placeholders cache-miss
47 http fetch GET 200 https://registry.npmjs.org/named-placeholders 62ms (cache miss)
48 silly packumentCache full:https://registry.npmjs.org/named-placeholders set size:undefined disposed:false
49 silly fetch manifest undici-types@~8.9.0
50 silly packumentCache full:https://registry.npmjs.org/undici-types cache-miss
51 http fetch GET 200 https://registry.npmjs.org/aws-ssl-profiles 169ms (cache miss)
52 silly packumentCache full:https://registry.npmjs.org/aws-ssl-profiles set size:undefined disposed:false
53 http fetch GET 200 https://registry.npmjs.org/generate-function 186ms (cache miss)
54 silly packumentCache full:https://registry.npmjs.org/generate-function set size:undefined disposed:false
55 http fetch GET 200 https://registry.npmjs.org/sql-escaper 188ms (cache miss)
56 silly packumentCache full:https://registry.npmjs.org/sql-escaper set size:undefined disposed:false
57 http fetch GET 200 https://registry.npmjs.org/denque 195ms (cache miss)
58 silly packumentCache full:https://registry.npmjs.org/denque set size:undefined disposed:false
59 http fetch GET 200 https://registry.npmjs.org/lru.min 198ms (cache miss)
60 silly packumentCache full:https://registry.npmjs.org/lru.min set size:undefined disposed:false
61 http fetch GET 200 https://registry.npmjs.org/iconv-lite 208ms (cache miss)
62 silly packumentCache full:https://registry.npmjs.org/iconv-lite set size:undefined disposed:false
63 http fetch GET 200 https://registry.npmjs.org/undici-types 76ms (cache miss)
64 silly packumentCache full:https://registry.npmjs.org/undici-types set size:undefined disposed:false
65 silly placeDep ROOT undici-types@8.9.0 OK for: @types/node@26.6.3 want: ~8.9.0
66 silly placeDep ROOT aws-ssl-profiles@1.1.2 OK for: mysql2@3.23.0 want: ^1.1.2
67 silly placeDep ROOT denque@2.1.0 OK for: mysql2@3.23.0 want: ^2.1.0
68 silly placeDep ROOT generate-function@2.3.1 OK for: mysql2@3.23.0 want: ^2.3.1
69 silly placeDep ROOT iconv-lite@0.7.3 OK for: mysql2@3.23.0 want: ^0.7.2
70 silly placeDep ROOT long@5.3.2 OK for: mysql2@3.23.0 want: ^5.3.2
71 silly placeDep ROOT lru.min@1.1.5 OK for: mysql2@3.23.0 want: ^1.1.4
72 silly placeDep ROOT named-placeholders@1.1.6 OK for: mysql2@3.23.0 want: ^1.1.6
73 silly placeDep ROOT sql-escaper@1.5.2 OK for: mysql2@3.23.0 want: ^1.5.1
74 silly fetch manifest is-property@^1.0.2
75 silly packumentCache full:https://registry.npmjs.org/is-property cache-miss
76 silly fetch manifest safer-buffer@>= 2.1.2 < 3.0.0
77 silly packumentCache full:https://registry.npmjs.org/safer-buffer cache-miss
78 http fetch GET 200 https://registry.npmjs.org/is-property 56ms (cache miss)
79 silly packumentCache full:https://registry.npmjs.org/is-property set size:undefined disposed:false
80 http fetch GET 200 https://registry.npmjs.org/safer-buffer 56ms (cache miss)
81 silly packumentCache full:https://registry.npmjs.org/safer-buffer set size:undefined disposed:false
82 silly placeDep ROOT is-property@1.0.2 OK for: generate-function@2.3.1 want: ^1.0.2
83 silly placeDep ROOT safer-buffer@2.1.2 OK for: iconv-lite@0.7.3 want: >= 2.1.2 < 3.0.0
84 silly reify moves {}
85 http cache safer-buffer@https://registry.npmjs.org/safer-buffer/-/safer-buffer-2.1.2.tgz 1ms (cache hit)
86 http cache is-property@https://registry.npmjs.org/is-property/-/is-property-1.0.2.tgz 0ms (cache hit)
87 http cache sql-escaper@https://registry.npmjs.org/sql-escaper/-/sql-escaper-1.5.2.tgz 0ms (cache hit)
88 http cache named-placeholders@https://registry.npmjs.org/named-placeholders/-/named-placeholders-1.1.6.tgz 0ms (cache hit)
89 http cache lru.min@https://registry.npmjs.org/lru.min/-/lru.min-1.1.5.tgz 0ms (cache hit)
90 http cache long@https://registry.npmjs.org/long/-/long-5.3.2.tgz 0ms (cache hit)
91 http cache iconv-lite@https://registry.npmjs.org/iconv-lite/-/iconv-lite-0.7.3.tgz 0ms (cache hit)
92 http cache generate-function@https://registry.npmjs.org/generate-function/-/generate-function-2.3.1.tgz 0ms (cache hit)
93 http cache denque@https://registry.npmjs.org/denque/-/denque-2.1.0.tgz 0ms (cache hit)
94 http cache aws-ssl-profiles@https://registry.npmjs.org/aws-ssl-profiles/-/aws-ssl-profiles-1.1.2.tgz 0ms (cache hit)
95 http cache undici-types@https://registry.npmjs.org/undici-types/-/undici-types-8.9.0.tgz 0ms (cache hit)
96 http cache @types/node@https://registry.npmjs.org/@types/node/-/node-26.6.3.tgz 0ms (cache hit)
97 http cache mysql2@https://registry.npmjs.org/mysql2/-/mysql2-3.23.0.tgz 0ms (cache hit)
98 http cache node-red-node-mysql@https://registry.npmjs.org/node-red-node-mysql/-/node-red-node-mysql-3.0.3.tgz 0ms (cache hit)
99 silly tarball no local data for safer-buffer@https://registry.npmjs.org/safer-buffer/-/safer-buffer-2.1.2.tgz. Extracting by manifest.
100 silly tarball no local data for is-property@https://registry.npmjs.org/is-property/-/is-property-1.0.2.tgz. Extracting by manifest.
101 silly tarball no local data for sql-escaper@https://registry.npmjs.org/sql-escaper/-/sql-escaper-1.5.2.tgz. Extracting by manifest.
102 silly tarball no local data for named-placeholders@https://registry.npmjs.org/named-placeholders/-/named-placeholders-1.1.6.tgz. Extracting by manifest.
103 silly tarball no local data for lru.min@https://registry.npmjs.org/lru.min/-/lru.min-1.1.5.tgz. Extracting by manifest.
104 silly tarball no local data for long@https://registry.npmjs.org/long/-/long-5.3.2.tgz. Extracting by manifest.
105 silly tarball no local data for iconv-lite@https://registry.npmjs.org/iconv-lite/-/iconv-lite-0.7.3.tgz. Extracting by manifest.
106 silly tarball no local data for generate-function@https://registry.npmjs.org/generate-function/-/generate-function-2.3.1.tgz. Extracting by manifest.
107 silly tarball no local data for denque@https://registry.npmjs.org/denque/-/denque-2.1.0.tgz. Extracting by manifest.
108 silly tarball no local data for aws-ssl-profiles@https://registry.npmjs.org/aws-ssl-profiles/-/aws-ssl-profiles-1.1.2.tgz. Extracting by manifest.
109 silly tarball no local data for undici-types@https://registry.npmjs.org/undici-types/-/undici-types-8.9.0.tgz. Extracting by manifest.
110 silly tarball no local data for @types/node@https://registry.npmjs.org/@types/node/-/node-26.6.3.tgz. Extracting by manifest.
111 silly tarball no local data for mysql2@https://registry.npmjs.org/mysql2/-/mysql2-3.23.0.tgz. Extracting by manifest.
112 silly tarball no local data for node-red-node-mysql@https://registry.npmjs.org/node-red-node-mysql/-/node-red-node-mysql-3.0.3.tgz. Extracting by manifest.
113 http fetch GET 200 https://registry.npmjs.org/lru.min/-/lru.min-1.1.5.tgz 84ms (cache miss)
114 http fetch GET 200 https://registry.npmjs.org/is-property/-/is-property-1.0.2.tgz 135ms (cache miss)
115 http fetch GET 200 https://registry.npmjs.org/named-placeholders/-/named-placeholders-1.1.6.tgz 136ms (cache miss)
116 http fetch GET 200 https://registry.npmjs.org/safer-buffer/-/safer-buffer-2.1.2.tgz 144ms (cache miss)
117 http fetch GET 200 https://registry.npmjs.org/long/-/long-5.3.2.tgz 151ms (cache miss)
118 http fetch GET 200 https://registry.npmjs.org/sql-escaper/-/sql-escaper-1.5.2.tgz 153ms (cache miss)
119 http fetch GET 200 https://registry.npmjs.org/iconv-lite/-/iconv-lite-0.7.3.tgz 192ms (cache miss)
120 http fetch GET 200 https://registry.npmjs.org/node-red-node-mysql/-/node-red-node-mysql-3.0.3.tgz 193ms (cache miss)
121 http fetch GET 200 https://registry.npmjs.org/generate-function/-/generate-function-2.3.1.tgz 278ms (cache miss)
122 http fetch GET 200 https://registry.npmjs.org/denque/-/denque-2.1.0.tgz 282ms (cache miss)
123 http fetch GET 200 https://registry.npmjs.org/aws-ssl-profiles/-/aws-ssl-profiles-1.1.2.tgz 315ms (cache miss)
124 http fetch GET 200 https://registry.npmjs.org/undici-types/-/undici-types-8.9.0.tgz 318ms (cache miss)
125 http fetch GET 200 https://registry.npmjs.org/@types/node/-/node-26.6.3.tgz 419ms (cache miss)
126 http fetch GET 200 https://registry.npmjs.org/mysql2/-/mysql2-3.23.0.tgz 422ms (cache miss)
127 silly ADD node_modules/safer-buffer
128 silly ADD node_modules/is-property
129 silly ADD node_modules/sql-escaper
130 silly ADD node_modules/named-placeholders
131 silly ADD node_modules/lru.min
132 silly ADD node_modules/long
133 silly ADD node_modules/iconv-lite
134 silly ADD node_modules/generate-function
135 silly ADD node_modules/denque
136 silly ADD node_modules/aws-ssl-profiles
137 silly ADD node_modules/undici-types
138 silly ADD node_modules/@types/node
139 silly ADD node_modules/mysql2
140 silly ADD node_modules/node-red-node-mysql
141 verbose cwd /data
142 verbose os Linux 6.18.33.2-microsoft-standard-WSL2
143 verbose node v24.20.0
144 verbose npm  v11.19.1
145 verbose exit 0
146 info ok
